../Drivers/STM32F4xx_HAL_Driver/Src/stm32f4xx_hal_timebase_tim_template.c:54:19:HAL_InitTick	64	static
../Drivers/STM32F4xx_HAL_Driver/Src/stm32f4xx_hal_timebase_tim_template.c:130:6:HAL_SuspendTick	4	static
../Drivers/STM32F4xx_HAL_Driver/Src/stm32f4xx_hal_timebase_tim_template.c:141:6:HAL_ResumeTick	4	static
../Drivers/STM32F4xx_HAL_Driver/Src/stm32f4xx_hal_timebase_tim_template.c:155:6:HAL_TIM_PeriodElapsedCallback	16	static
../Drivers/STM32F4xx_HAL_Driver/Src/stm32f4xx_hal_timebase_tim_template.c:164:6:TIM6_DAC_IRQHandler	8	static
