../Drivers/ST7735-Cube/Src/st7735.c:88:6:createFramebuf	8	static
../Drivers/ST7735-Cube/Src/st7735.c:92:6:destroyFramebuf	8	static
../Drivers/ST7735-Cube/Src/st7735.c:98:6:flushDisplay	8	static
../Drivers/ST7735-Cube/Src/st7735.c:249:6:ST7735_Reset	8	static
../Drivers/ST7735-Cube/Src/st7735.c:256:6:ST7735_Select	8	static
../Drivers/ST7735-Cube/Src/st7735.c:261:6:ST7735_DeSelect	8	static
../Drivers/ST7735-Cube/Src/st7735.c:266:6:ST7735_RegCommand	8	static
../Drivers/ST7735-Cube/Src/st7735.c:271:6:ST7735_RegData	8	static
../Drivers/ST7735-Cube/Src/st7735.c:276:6:ST7735_WriteCommand	16	static
../Drivers/ST7735-Cube/Src/st7735.c:282:6:ST7735_WriteData	16	static
../Drivers/ST7735-Cube/Src/st7735.c:288:6:ST7735_SendCommand	16	static
../Drivers/ST7735-Cube/Src/st7735.c:299:6:ST7735_displayInit	24	static
../Drivers/ST7735-Cube/Src/st7735.c:325:6:setRotation	24	static
../Drivers/ST7735-Cube/Src/st7735.c:457:6:ST7735_initR	24	static
../Drivers/ST7735-Cube/Src/st7735.c:513:6:ST7735_setAddrWindow	32	static
../Drivers/ST7735-Cube/Src/st7735.c:536:6:SPI_WRITE16	24	static
../Drivers/ST7735-Cube/Src/st7735.c:542:6:ST7735_writePixel	16	static
../Drivers/ST7735-Cube/Src/st7735.c:555:6:drawPixel	24	static
