../Core/Src/main.c:78:5:main	8	static
../Core/Src/main.c:126:6:SystemClock_Config	88	static
../Core/Src/main.c:173:13:MX_ADC1_Init	24	static
../Core/Src/main.c:225:13:MX_SPI1_Init	8	static
../Core/Src/main.c:263:13:MX_TIM3_Init	32	static
../Core/Src/main.c:308:13:MX_USART1_UART_Init	8	static
../Core/Src/main.c:341:13:MX_DMA_Init	16	static
../Core/Src/main.c:381:13:MX_GPIO_Init	48	static
../Core/Src/main.c:424:5:__io_putchar	16	static
../Core/Src/main.c:430:6:printFloat	56	static
../Core/Src/main.c:448:6:dma_memcpy	24	static
../Core/Src/main.c:458:6:Error_Handler	4	static,ignoring_inline_asm
